# vsim work.main_tb_uart -l uart.log -coverage -c -do "coverage save -onexit -codeAll coverage_file.ucdb; run -all; exit" 
# Start time: 10:48:56 on May 22,2026
# ** Note: (vsim-3812) Design is being optimized...
# ** Warning: tb_uart.v(87): (vopt-2685) [TFMPC] - Too few port connections for 'urx'.  Expected 11, found 8.
# ** Warning: tb_uart.v(87): (vopt-2718) [TFMPC] - Missing connection for port 'xmit_active'.
# ** Warning: tb_uart.v(87): (vopt-2718) [TFMPC] - Missing connection for port 'xmit_doneH'.
# ** Warning: tb_uart.v(87): (vopt-2718) [TFMPC] - Missing connection for port 'uart_XMIT_dataH'.
# ** Warning: tb_uart.v(107): (vopt-2685) [TFMPC] - Too few port connections for 'urx_slow'.  Expected 11, found 8.
# ** Warning: tb_uart.v(107): (vopt-2718) [TFMPC] - Missing connection for port 'xmit_active'.
# ** Warning: tb_uart.v(107): (vopt-2718) [TFMPC] - Missing connection for port 'xmit_doneH'.
# ** Warning: tb_uart.v(107): (vopt-2718) [TFMPC] - Missing connection for port 'uart_XMIT_dataH'.
# ** Note: (vopt-143) Recognized 1 FSM in module "transmitter(fast)".
# ** Note: (vopt-143) Recognized 1 FSM in module "receiver(fast)".
# //  Questa Sim
# //  Version 10.6c linux Jul 25 2017
# //
# //  Copyright 1991-2017 Mentor Graphics Corporation
# //  All Rights Reserved.
# //
# //  QuestaSim and its associated documentation contain trade
# //  secrets and commercial or financial information that are the property of
# //  Mentor Graphics Corporation and are privileged, confidential,
# //  and exempt from disclosure under the Freedom of Information Act,
# //  5 U.S.C. Section 552. Furthermore, this information
# //  is prohibited from disclosure under the Trade Secrets Act,
# //  18 U.S.C. Section 1905.
# //
# Loading work.main_tb_uart(fast)
# Loading work.uart(fast)
# Loading work.baud(fast)
# Loading work.transmitter(fast)
# Loading work.receiver(fast)
# Loading work.syncronizer(fast)
# coverage save -onexit -codeAll coverage_file.ucdb
#  run -all
# Time: 2910118000, SUCCESS: Received expected data 86 on utx
# Time: 2910118000, SUCCESS: Received expected data 86 on urx
# Time: 2910118000, SUCCESS: Received expected data 86 on urx_slow
# Time: 5826598000, SUCCESS: Received expected data aa on utx
# Time: 5826598000, SUCCESS: Received expected data aa on urx
# Time: 5826598000, SUCCESS: Received expected data aa on urx_slow
# Time: 8743078000, SUCCESS: Received expected data c4 on utx
# Time: 8743078000, SUCCESS: Received expected data c4 on urx
# Time: 8743078000, SUCCESS: Received expected data c4 on urx_slow
# Time: 11659558000, SUCCESS: Received expected data 73 on utx
# Time: 11659558000, SUCCESS: Received expected data 73 on urx
# Time: 11659558000, SUCCESS: Received expected data 73 on urx_slow
# Time: 14576038000, SUCCESS: Received expected data 13 on utx
# Time: 14576038000, SUCCESS: Received expected data 13 on urx
# Time: 14576038000, SUCCESS: Received expected data 13 on urx_slow
# Time: 16824426000, SUCCESS: Received expected data 00 on utx
# Time: 16824426000, SUCCESS: Received expected data 00 on urx
# Time: 16824426000, SUCCESS: Received expected data 00 on urx_slow
# Time: 19740958000, SUCCESS: Received expected data 1b on utx
# Time: 19740958000, SUCCESS: Received expected data 1b on urx
# Time: 19740958000, SUCCESS: Received expected data 1b on urx_slow
# Time: 22657438000, SUCCESS: Received expected data 28 on utx
# Time: 22657438000, SUCCESS: Received expected data 28 on urx
# Time: 22657438000, SUCCESS: Received expected data 28 on urx_slow
# Time: 25573918000, SUCCESS: Received expected data f2 on utx
# Time: 25573918000, SUCCESS: Received expected data f2 on urx
# Time: 25573918000, SUCCESS: Received expected data f2 on urx_slow
# Time: 28490398000, SUCCESS: Received expected data e1 on utx
# Time: 28490398000, SUCCESS: Received expected data e1 on urx
# Time: 28490398000, SUCCESS: Received expected data e1 on urx_slow
# Time: 31406878000, SUCCESS: Received expected data 94 on utx
# Time: 31406878000, SUCCESS: Received expected data 94 on urx
# Time: 31406878000, SUCCESS: Received expected data 94 on urx_slow
# Time: 34323358000, SUCCESS: Received expected data 5d on utx
# Time: 34323358000, SUCCESS: Received expected data 5d on urx
# Time: 34323358000, SUCCESS: Received expected data 5d on urx_slow
# Time: 37239838000, SUCCESS: Received expected data 8a on utx
# Time: 37239838000, SUCCESS: Received expected data 8a on urx
# Time: 37239838000, SUCCESS: Received expected data 8a on urx_slow
# Time: 40156318000, SUCCESS: Received expected data da on utx
# Time: 40156318000, SUCCESS: Received expected data da on urx
# Time: 40156318000, SUCCESS: Received expected data da on urx_slow
# Time: 43072798000, SUCCESS: Received expected data 89 on utx
# Time: 43072798000, SUCCESS: Received expected data 89 on urx
# Time: 43072798000, SUCCESS: Received expected data 89 on urx_slow
# Time: 45989278000, SUCCESS: Received expected data fa on utx
# Time: 45989278000, SUCCESS: Received expected data fa on urx
# Time: 45989278000, SUCCESS: Received expected data fa on urx_slow
# Time: 51444658000, SUCCESS (Intentional Error): Expected 00, received ff on utx
# Time: 51444658000, SUCCESS (Intentional Error): Expected 00, received ff on urx
# Time: 51444658000, SUCCESS (Intentional Error): Expected 00, received ff on urx_slow
# ** Note: $finish    : tb_uart.v(419)
#    Time: 51444658 ns  Iteration: 0  Instance: /main_tb_uart
# Saving coverage database on exit...
# End time: 10:52:01 on May 22,2026, Elapsed time: 0:03:05
# Errors: 0, Warnings: 8
